// Jest Snapshot v1, https://goo.gl/fbAQLP

exports[`it should render expense list item 1`] = `
<div>
  <h3>
    <Link
      replace={false}
      to="/edit/one"
    >
      gum
    </Link>
  </h3>
  <p>
    195
  </p>
  <p>
    0
  </p>
</div>
`;
